c[?7l[2J[0mSeaBIOS (version 1.16.3-debian-1.16.3-2)


iPXE (https://ipxe.org) 00:03.0 CA00 PCI2.10 PnP PMM+1EFCADD0+1EF0ADD0 CA00
Press Ctrl-B to configure iPXE (PCI 00:03.0)...                                                                               


Booting from ROM..c[?7l[2J[0m.[    0.000000] Linux version 6.6.14-0-virt (buildozer@build-3-19-x86_64) (gcc (Alpine 13.2.1_git20231014) 13.2.1 20231014, GNU ld (GNU Binutils) 2.41) #1-Alpine SMP PREEMPT_DYNAMIC Fri, 26 Jan 2024 11:08:07 +0000
[    0.000000] Command line: console=ttyS0 loglevel=7 modules=loop,squashfs,sd-mod,usb-storage nomodeset
[    0.000000] BIOS-provided physical RAM map:
[    0.000000] BIOS-e820: [mem 0x0000000000000000-0x000000000009fbff] usable
[    0.000000] BIOS-e820: [mem 0x000000000009fc00-0x000000000009ffff] reserved
[    0.000000] BIOS-e820: [mem 0x00000000000f0000-0x00000000000fffff] reserved
[    0.000000] BIOS-e820: [mem 0x0000000000100000-0x000000001ffdffff] usable
[    0.000000] BIOS-e820: [mem 0x000000001ffe0000-0x000000001fffffff] reserved
[    0.000000] BIOS-e820: [mem 0x00000000feffc000-0x00000000feffffff] reserved
[    0.000000] BIOS-e820: [mem 0x00000000fffc0000-0x00000000ffffffff] reserved
[    0.000000] BIOS-e820: [mem 0x000000fd00000000-0x000000ffffffffff] reserved
[    0.000000] NX (Execute Disable) protection: active
[    0.000000] APIC: Static calls initialized
[    0.000000] SMBIOS 3.0.0 present.
[    0.000000] DMI: QEMU Ubuntu 24.04 PC v2 (i440FX + PIIX, arch_caps fix, 1996), BIOS 1.16.3-debian-1.16.3-2 04/01/2014
[    0.000000] Hypervisor detected: KVM
[    0.000000] kvm-clock: Using msrs 4b564d01 and 4b564d00
[    0.000000] kvm-clock: using sched offset of 258506548 cycles
[    0.000001] clocksource: kvm-clock: mask: 0xffffffffffffffff max_cycles: 0x1cd42e4dffb, max_idle_ns: 881590591483 ns
[    0.000003] tsc: Detected 2445.432 MHz processor
[    0.000743] last_pfn = 0x1ffe0 max_arch_pfn = 0x400000000
[    0.000920] MTRR map: 4 entries (3 fixed + 1 variable; max 19), built from 8 variable MTRRs
[    0.000927] x86/PAT: Configuration [0-7]: WB  WC  UC- UC  WB  WP  UC- WT  
[    0.001288] RAMDISK: [mem 0x1f798000-0x1ffdffff]
[    0.001292] ACPI: Early table checksum verification disabled
[    0.001306] ACPI: RSDP 0x00000000000F5290 000014 (v00 BOCHS )
[    0.001311] ACPI: RSDT 0x000000001FFE1CAD 000034 (v01 BOCHS  BXPC     00000001 BXPC 00000001)
[    0.001315] ACPI: FACP 0x000000001FFE1B59 000074 (v01 BOCHS  BXPC     00000001 BXPC 00000001)
[    0.001318] ACPI: DSDT 0x000000001FFE0040 001B19 (v01 BOCHS  BXPC     00000001 BXPC 00000001)
[    0.001320] ACPI: FACS 0x000000001FFE0000 000040
[    0.001321] ACPI: APIC 0x000000001FFE1BCD 000080 (v03 BOCHS  BXPC     00000001 BXPC 00000001)
[    0.001323] ACPI: HPET 0x000000001FFE1C4D 000038 (v01 BOCHS  BXPC     00000001 BXPC 00000001)
[    0.001325] ACPI: WAET 0x000000001FFE1C85 000028 (v01 BOCHS  BXPC     00000001 BXPC 00000001)
[    0.001326] ACPI: Reserving FACP table memory at [mem 0x1ffe1b59-0x1ffe1bcc]
[    0.001327] ACPI: Reserving DSDT table memory at [mem 0x1ffe0040-0x1ffe1b58]
[    0.001328] ACPI: Reserving FACS table memory at [mem 0x1ffe0000-0x1ffe003f]
[    0.001328] ACPI: Reserving APIC table memory at [mem 0x1ffe1bcd-0x1ffe1c4c]
[    0.001329] ACPI: Reserving HPET table memory at [mem 0x1ffe1c4d-0x1ffe1c84]
[    0.001329] ACPI: Reserving WAET table memory at [mem 0x1ffe1c85-0x1ffe1cac]
[    0.001412] Zone ranges:
[    0.001412]   DMA      [mem 0x0000000000001000-0x0000000000ffffff]
[    0.001414]   DMA32    [mem 0x0000000001000000-0x000000001ffdffff]
[    0.001415]   Normal   empty
[    0.001415] Movable zone start for each node
[    0.001416] Early memory node ranges
[    0.001416]   node   0: [mem 0x0000000000001000-0x000000000009efff]
[    0.001417]   node   0: [mem 0x0000000000100000-0x000000001ffdffff]
[    0.001418] Initmem setup node 0 [mem 0x0000000000001000-0x000000001ffdffff]
[    0.001423] On node 0, zone DMA: 1 pages in unavailable ranges
[    0.001437] On node 0, zone DMA: 97 pages in unavailable ranges
[    0.002209] On node 0, zone DMA32: 32 pages in unavailable ranges
[    0.003193] ACPI: PM-Timer IO Port: 0x608
[    0.003208] ACPI: LAPIC_NMI (acpi_id[0xff] dfl dfl lint[0x1])
[    0.003283] IOAPIC[0]: apic_id 0, version 17, address 0xfec00000, GSI 0-23
[    0.003285] ACPI: INT_SRC_OVR (bus 0 bus_irq 0 global_irq 2 dfl dfl)
[    0.003287] ACPI: INT_SRC_OVR (bus 0 bus_irq 5 global_irq 5 high level)
[    0.003287] ACPI: INT_SRC_OVR (bus 0 bus_irq 9 global_irq 9 high level)
[    0.003288] ACPI: INT_SRC_OVR (bus 0 bus_irq 10 global_irq 10 high level)
[    0.003289] ACPI: INT_SRC_OVR (bus 0 bus_irq 11 global_irq 11 high level)
[    0.003291] ACPI: Using ACPI (MADT) for SMP configuration information
[    0.003292] ACPI: HPET id: 0x8086a201 base: 0xfed00000
[    0.003294] smpboot: Allowing 2 CPUs, 0 hotplug CPUs
[    0.003318] kvm-guest: APIC: eoi() replaced with kvm_guest_apic_eoi_write()
[    0.003342] [mem 0x20000000-0xfeffbfff] available for PCI devices
[    0.003343] Booting paravirtualized kernel on KVM
[    0.003344] clocksource: refined-jiffies: mask: 0xffffffff max_cycles: 0xffffffff, max_idle_ns: 19112604462750000 ns
[    0.006367] setup_percpu: NR_CPUS:256 nr_cpumask_bits:2 nr_cpu_ids:2 nr_node_ids:1
[    0.006570] percpu: Embedded 57 pages/cpu s195048 r8192 d30232 u1048576
[    0.006616] kvm-guest: PV spinlocks disabled, no host support
[    0.006616] Kernel command line: console=ttyS0 loglevel=7 modules=loop,squashfs,sd-mod,usb-storage nomodeset
[    0.006657] Booted with the nomodeset parameter. Only the system framebuffer will be available
[    0.006658] Unknown kernel command line parameters "modules=loop,squashfs,sd-mod,usb-storage", will be passed to user space.
[    0.006685] Dentry cache hash table entries: 65536 (order: 7, 524288 bytes, linear)
[    0.006699] Inode-cache hash table entries: 32768 (order: 6, 262144 bytes, linear)
[    0.006745] Built 1 zonelists, mobility grouping on.  Total pages: 128736
[    0.006931] mem auto-init: stack:all(zero), heap alloc:on, heap free:off
[    0.007487] Memory: 471812K/523768K available (12288K kernel code, 1744K rwdata, 8008K rodata, 2636K init, 2300K bss, 51696K reserved, 0K cma-reserved)
[    0.012429] SLUB: HWalign=64, Order=0-3, MinObjects=0, CPUs=2, Nodes=1
[    0.013225] Dynamic Preempt: none
[    0.013437] rcu: Preemptible hierarchical RCU implementation.
[    0.013438] rcu: 	RCU restricting CPUs from NR_CPUS=256 to nr_cpu_ids=2.
[    0.013439] 	Trampoline variant of Tasks RCU enabled.
[    0.013440] 	Tracing variant of Tasks RCU enabled.
[    0.013440] rcu: RCU calculated value of scheduler-enlistment delay is 10 jiffies.
[    0.013441] rcu: Adjusting geometry for rcu_fanout_leaf=16, nr_cpu_ids=2
[    0.015605] NR_IRQS: 16640, nr_irqs: 440, preallocated irqs: 16
[    0.015908] rcu: srcu_init: Setting srcu_struct sizes based on contention.
[    0.015984] kfence: initialized - using 2097152 bytes for 255 objects at 0x(____ptrval____)-0x(____ptrval____)
[    0.044384] Console: colour VGA+ 80x25
[    0.044474] printk: console [ttyS0] enabled
[    0.232899] ACPI: Core revision 20230628
[    0.234573] clocksource: hpet: mask: 0xffffffff max_cycles: 0xffffffff, max_idle_ns: 19112604467 ns
[    0.237654] APIC: Switch to symmetric I/O mode setup
[    0.239931] x2apic enabled
[    0.241618] APIC: Switched APIC routing to: physical x2apic
[    0.246682] ..TIMER: vector=0x30 apic1=0 pin1=2 apic2=-1 pin2=-1
[    0.248710] tsc: Marking TSC unstable due to TSCs unsynchronized
[    0.250611] Calibrating delay loop (skipped) preset value.. 4890.86 BogoMIPS (lpj=24454320)
[    0.253554] process: using AMD E400 aware idle routine
[    0.255180] Last level iTLB entries: 4KB 512, 2MB 255, 4MB 127
[    0.257008] Last level dTLB entries: 4KB 512, 2MB 255, 4MB 127, 1GB 0
[    0.260614] Spectre V1 : Mitigation: usercopy/swapgs barriers and __user pointer sanitization
[    0.263271] Spectre V2 : Mitigation: Retpolines
[    0.264700] Spectre V2 : Spectre v2 / SpectreRSB mitigation: Filling RSB on context switch
[    0.267285] Spectre V2 : Spectre v2 / SpectreRSB : Filling RSB on VMEXIT
[    0.270619] x86/fpu: x87 FPU will use FXSAVE
[    0.286306] Freeing SMP alternatives memory: 32K
[    0.287763] pid_max: default: 32768 minimum: 301
[    0.289644] LSM: initializing lsm=capability,landlock,lockdown,integrity
[    0.291330] landlock: Up and running.
[    0.292622] Mount-cache hash table entries: 1024 (order: 1, 8192 bytes, linear)
[    0.294874] Mountpoint-cache hash table entries: 1024 (order: 1, 8192 bytes, linear)
[    0.419115] smpboot: CPU0: AMD QEMU Virtual CPU version 2.5+ (family: 0xf, model: 0x6b, stepping: 0x1)
[    0.420607] RCU Tasks: Setting shift to 1 and lim to 1 rcu_task_cb_adjust=1.
[    0.420607] RCU Tasks Trace: Setting shift to 1 and lim to 1 rcu_task_cb_adjust=1.
[    0.420607] Performance Events: PMU not available due to virtualization, using software events only.
[    0.423792] signal: max sigframe size: 1440
[    0.425154] rcu: Hierarchical SRCU implementation.
[    0.426665] rcu: 	Max phase no-delay instances is 1000.
[    0.428625] NMI watchdog: Perf NMI watchdog permanently disabled
[    0.430667] smp: Bringing up secondary CPUs ...
[    0.432249] smpboot: x86: Booting SMP configuration:
[    0.433822] .... node  #0, CPUs:      #1
[    0.434410] smp: Brought up 1 node, 2 CPUs
[    0.434410] smpboot: Max logical packages: 1
[    0.440612] ----------------
[    0.441570] | NMI testsuite:
[    0.442502] --------------------
[    0.443538]   remote IPI:  ok  |
[    0.444616]    local IPI:  ok  |
[    0.445697] --------------------
[    0.446841] Good, all   2 testcases passed! |
[    0.448314] ---------------------------------
[    0.449704] smpboot: Total of 2 processors activated (9781.72 BogoMIPS)
[    0.451252] devtmpfs: initialized
[    0.451747] x86/mm: Memory block size: 128MB
[    0.453236] clocksource: jiffies: mask: 0xffffffff max_cycles: 0xffffffff, max_idle_ns: 19112604462750000 ns
[    0.453718] futex hash table entries: 512 (order: 3, 32768 bytes, linear)
[    0.461441] NET: Registered PF_NETLINK/PF_ROUTE protocol family
[    0.463640] audit: initializing netlink subsys (disabled)
[    0.465515] audit: type=2000 audit(1773226045.661:1): state=initialized audit_enabled=0 res=1
[    0.465515] thermal_sys: Registered thermal governor 'step_wise'
[    0.465515] cpuidle: using governor ladder
[    0.470617] cpuidle: using governor menu
[    0.472104] acpiphp: ACPI Hot Plug PCI Controller Driver version: 0.5
[    0.474445] PCI: Using configuration type 1 for base access
[    0.476306] kprobes: kprobe jump-optimization is enabled. All kprobes are optimized if possible.
[    0.483425] HugeTLB: registered 2.00 MiB page size, pre-allocated 0 pages
[    0.483425] HugeTLB: 28 KiB vmemmap can be freed for a 2.00 MiB page
[    0.484865] ACPI: Added _OSI(Module Device)
[    0.484865] ACPI: Added _OSI(Processor Device)
[    0.490610] ACPI: Added _OSI(3.0 _SCP Extensions)
[    0.492105] ACPI: Added _OSI(Processor Aggregator Device)
[    0.494147] ACPI: 1 ACPI AML tables successfully acquired and loaded
[    0.496970] ACPI: _OSC evaluation for CPUs failed, trying _PDC
[    0.498924] ACPI: Interpreter enabled
[    0.500094] ACPI: PM: (supports S0 S3 S5)
[    0.500610] ACPI: Using IOAPIC for interrupt routing
[    0.502187] PCI: Using host bridge windows from ACPI; if necessary, use "pci=nocrs" and report a bug
[    0.505062] PCI: Using E820 reservations for host bridge windows
[    0.507043] ACPI: Enabled 2 GPEs in block 00 to 0F
[    0.511383] ACPI: PCI Root Bridge [PCI0] (domain 0000 [bus 00-ff])
[    0.513368] acpi PNP0A03:00: _OSC: OS supports [ASPM ClockPM Segments MSI HPX-Type3]
[    0.515794] acpi PNP0A03:00: _OSC: not requesting OS control; OS requires [ExtendedConfig ASPM ClockPM MSI]
[    0.518837] acpi PNP0A03:00: fail to add MMCONFIG information, can't access extended configuration space under this bridge
[    0.520893] acpiphp: Slot [3] registered
[    0.522150] acpiphp: Slot [4] registered
[    0.523470] acpiphp: Slot [5] registered
[    0.524753] acpiphp: Slot [6] registered
[    0.526080] acpiphp: Slot [7] registered
[    0.527357] acpiphp: Slot [8] registered
[    0.528624] acpiphp: Slot [9] registered
[    0.530637] acpiphp: Slot [10] registered
[    0.531930] acpiphp: Slot [11] registered
[    0.533221] acpiphp: Slot [12] registered
[    0.534510] acpiphp: Slot [13] registered
[    0.535787] acpiphp: Slot [14] registered
[    0.537131] acpiphp: Slot [15] registered
[    0.538426] acpiphp: Slot [16] registered
[    0.540638] acpiphp: Slot [17] registered
[    0.541943] acpiphp: Slot [18] registered
[    0.543216] acpiphp: Slot [19] registered
[    0.544507] acpiphp: Slot [20] registered
[    0.545788] acpiphp: Slot [21] registered
[    0.547072] acpiphp: Slot [22] registered
[    0.548449] acpiphp: Slot [23] registered
[    0.549751] acpiphp: Slot [24] registered
[    0.550637] acpiphp: Slot [25] registered
[    0.551920] acpiphp: Slot [26] registered
[    0.553207] acpiphp: Slot [27] registered
[    0.554515] acpiphp: Slot [28] registered
[    0.555821] acpiphp: Slot [29] registered
[    0.557141] acpiphp: Slot [30] registered
[    0.558638] acpiphp: Slot [31] registered
[    0.559920] PCI host bridge to bus 0000:00
[    0.560609] pci_bus 0000:00: root bus resource [io  0x0000-0x0cf7 window]
[    0.562737] pci_bus 0000:00: root bus resource [io  0x0d00-0xffff window]
[    0.564878] pci_bus 0000:00: root bus resource [mem 0x000a0000-0x000bffff window]
[    0.567229] pci_bus 0000:00: root bus resource [mem 0x20000000-0xfebfffff window]
[    0.570609] pci_bus 0000:00: root bus resource [mem 0x100000000-0x17fffffff window]
[    0.573006] pci_bus 0000:00: root bus resource [bus 00-ff]
[    0.574819] pci 0000:00:00.0: [8086:1237] type 00 class 0x060000
[    0.577774] pci 0000:00:01.0: [8086:7000] type 00 class 0x060100
[    0.581308] pci 0000:00:01.1: [8086:7010] type 00 class 0x010180
[    0.585452] pci 0000:00:01.1: reg 0x20: [io  0xc040-0xc04f]
[    0.588301] pci 0000:00:01.1: legacy IDE quirk: reg 0x10: [io  0x01f0-0x01f7]
[    0.590556] pci 0000:00:01.1: legacy IDE quirk: reg 0x14: [io  0x03f6]
[    0.590609] pci 0000:00:01.1: legacy IDE quirk: reg 0x18: [io  0x0170-0x0177]
[    0.593044] pci 0000:00:01.1: legacy IDE quirk: reg 0x1c: [io  0x0376]
[    0.595442] pci 0000:00:01.3: [8086:7113] type 00 class 0x068000
[    0.600611] pci 0000:00:01.3: quirk: [io  0x0600-0x063f] claimed by PIIX4 ACPI
[    0.602898] pci 0000:00:01.3: quirk: [io  0x0700-0x070f] claimed by PIIX4 SMB
[    0.605868] pci 0000:00:02.0: [1234:1111] type 00 class 0x030000
[    0.608947] pci 0000:00:02.0: reg 0x10: [mem 0xfd000000-0xfdffffff pref]
[    0.612410] pci 0000:00:02.0: reg 0x18: [mem 0xfebb0000-0xfebb0fff]
[    0.618318] pci 0000:00:02.0: reg 0x30: [mem 0xfeba0000-0xfebaffff pref]
[    0.620684] pci 0000:00:02.0: Video device with shadowed ROM at [mem 0x000c0000-0x000dffff]
[    0.623203] pci 0000:00:03.0: [8086:100e] type 00 class 0x020000
[    0.625511] pci 0000:00:03.0: reg 0x10: [mem 0xfeb80000-0xfeb9ffff]
[    0.627839] pci 0000:00:03.0: reg 0x14: [io  0xc000-0xc03f]
[    0.632169] pci 0000:00:03.0: reg 0x30: [mem 0xfeb00000-0xfeb7ffff pref]
[    0.635203] ACPI: PCI: Interrupt link LNKA configured for IRQ 10
[    0.637043] ACPI: PCI: Interrupt link LNKB configured for IRQ 10
[    0.639096] ACPI: PCI: Interrupt link LNKC configured for IRQ 11
[    0.640750] ACPI: PCI: Interrupt link LNKD configured for IRQ 11
[    0.642470] ACPI: PCI: Interrupt link LNKS configured for IRQ 9
[    0.644316] iommu: Default domain type: Translated
[    0.645685] iommu: DMA domain TLB invalidation policy: lazy mode
[    0.647379] SCSI subsystem initialized
[    0.648431] pps_core: LinuxPPS API ver. 1 registered
[    0.648431] pps_core: Software ver. 5.3.6 - Copyright 2005-2007 Rodolfo Giometti <giometti@linux.it>
[    0.648431] PTP clock support registered
[    0.650813] PCI: Using ACPI for IRQ routing
[    0.652651] hpet: 3 channels of 0 reserved for per-cpu timers
[    0.652651] clocksource: Switched to clocksource kvm-clock
[    0.654348] VFS: Disk quotas dquot_6.6.0
[    0.654348] VFS: Dquot-cache hash table entries: 512 (order 0, 4096 bytes)
[    0.656434] pnp: PnP ACPI init
[    0.657724] pnp: PnP ACPI: found 6 devices
[    0.667689] clocksource: acpi_pm: mask: 0xffffff max_cycles: 0xffffff, max_idle_ns: 2085701024 ns
[    0.670553] NET: Registered PF_INET protocol family
[    0.672122] IP idents hash table entries: 8192 (order: 4, 65536 bytes, linear)
[    0.674815] tcp_listen_portaddr_hash hash table entries: 256 (order: 0, 4096 bytes, linear)
[    0.677592] Table-perturb hash table entries: 65536 (order: 6, 262144 bytes, linear)
[    0.680004] TCP established hash table entries: 4096 (order: 3, 32768 bytes, linear)
[    0.682455] TCP bind hash table entries: 4096 (order: 5, 131072 bytes, linear)
[    0.684760] TCP: Hash tables configured (established 4096 bind 4096)
[    0.686799] UDP hash table entries: 256 (order: 1, 8192 bytes, linear)
[    0.688862] UDP-Lite hash table entries: 256 (order: 1, 8192 bytes, linear)
[    0.691111] NET: Registered PF_UNIX/PF_LOCAL protocol family
[    0.692895] NET: Registered PF_XDP protocol family
[    0.694435] pci_bus 0000:00: resource 4 [io  0x0000-0x0cf7 window]
[    0.696429] pci_bus 0000:00: resource 5 [io  0x0d00-0xffff window]
[    0.698388] pci_bus 0000:00: resource 6 [mem 0x000a0000-0x000bffff window]
[    0.700523] pci_bus 0000:00: resource 7 [mem 0x20000000-0xfebfffff window]
[    0.702660] pci_bus 0000:00: resource 8 [mem 0x100000000-0x17fffffff window]
[    0.704931] pci 0000:00:01.0: PIIX3: Enabling Passive Release
[    0.706782] pci 0000:00:00.0: Limiting direct PCI/PCI transfers
[    0.708768] PCI: CLS 0 bytes, default 64
[    0.710117] Unpacking initramfs...
[    0.710210] Initialise system trusted keyrings
[    0.712976] workingset: timestamp_bits=46 max_order=17 bucket_order=0
[    0.715070] zbud: loaded
[    0.715994] Key type asymmetric registered
[    0.717318] Asymmetric key parser 'x509' registered
[    0.718881] Block layer SCSI generic (bsg) driver version 0.4 loaded (major 247)
[    0.721325] io scheduler mq-deadline registered
[    0.722783] io scheduler kyber registered
[    0.724067] io scheduler bfq registered
[    0.725604] ERST DBG: ERST support is disabled.
[    0.727110] Serial: 8250/16550 driver, 4 ports, IRQ sharing enabled
[    0.729429] 00:04: ttyS0 at I/O 0x3f8 (irq = 4, base_baud = 115200) is a 16550A
[    0.732425] VMware PVSCSI driver - version 1.0.7.0-k
[    0.734977] scsi host0: ata_piix
[    0.736138] scsi host1: ata_piix
[    0.737219] ata1: PATA max MWDMA2 cmd 0x1f0 ctl 0x3f6 bmdma 0xc040 irq 14
[    0.739379] ata2: PATA max MWDMA2 cmd 0x170 ctl 0x376 bmdma 0xc048 irq 15
[    0.741549] i8042: PNP: PS/2 Controller [PNP0303:KBD,PNP0f13:MOU] at 0x60,0x64 irq 1,12
[    0.745835] serio: i8042 KBD port at 0x60,0x64 irq 1
[    0.748108] serio: i8042 AUX port at 0x60,0x64 irq 12
[    0.750224] rtc_cmos 00:05: RTC can wake from S4
[    0.754033] rtc_cmos 00:05: registered as rtc0
[    0.756184] rtc_cmos 00:05: setting system clock to 2026-03-11T10:47:26 UTC (1773226046)
[    0.759394] rtc_cmos 00:05: alarms up to one day, y3k, 242 bytes nvram, hpet irqs
[    0.761760] amd_pstate: the _CPC object is not present in SBIOS or ACPI disabled
[    0.764201] gre: GRE over IPv4 demultiplexor driver
[    0.772353] input: AT Translated Set 2 keyboard as /devices/platform/i8042/serio0/input/input0
[    0.776543] Key type dns_resolver registered
[    0.777948] IPI shorthand broadcast: enabled
[    0.780082] sched_clock: Marking stable (550404452, 224687592)->(789289201, -14197157)
[    0.784873] registered taskstats version 1
[    0.786272] Loading compiled-in X.509 certificates
[    0.809895] Freeing initrd memory: 8480K
[    0.815231] Loaded X.509 cert 'alpinelinux.org: Alpine Linux kernel key: d76a695f66ad9cd28f5c22a8508f36e91f521f7a'
[    0.819184] Key type .fscrypt registered
[    0.820462] Key type fscrypt-provisioning registered
[    0.915087] ata2: found unknown device (class 0)
[    0.916822] ata1: found unknown device (class 0)
[    0.919405] ata2.00: ATAPI: QEMU DVD-ROM, 2.5+, max UDMA/100
[    0.920886] ata1.00: ATA-7: QEMU HARDDISK, 2.5+, max UDMA/100
[    0.922113] ata1.00: 2097152 sectors, multi 16: LBA48 
[    0.925055] scsi 0:0:0:0: Direct-Access     ATA      QEMU HARDDISK    2.5+ PQ: 0 ANSI: 5
[    0.927819] scsi 1:0:0:0: CD-ROM            QEMU     QEMU DVD-ROM     2.5+ PQ: 0 ANSI: 5
[    0.966018] Freeing unused kernel image (initmem) memory: 2636K
[    1.034736] Write protecting the kernel read-only data: 20480k
[    1.036351] Freeing unused kernel image (rodata/data gap) memory: 184K
[    1.037706] rodata_test: all tests were successful
[    1.038723] Run /init as init process
[    1.044993] Alpine Init 3.9.1-r0
Alpine Init 3.9.[    1.045898] Loading boot drivers...
1-r0
 * Loading boot drivers: [    1.051469] loop: module loaded
[    1.053913] squashfs: version 4.0 (2009/01/31) Phillip Lougher
[    1.061158] sd 0:0:0:0: [sda] 2097152 512-byte logical blocks: (1.07 GB/1.00 GiB)
[    1.062756] sd 0:0:0:0: [sda] Write Protect is off
[    1.063848] sd 0:0:0:0: [sda] Write cache: enabled, read cache: enabled, doesn't support DPO or FUA
[    1.065807] sd 0:0:0:0: [sda] Preferred minimum I/O size 512 bytes
[    1.067921] sd 0:0:0:0: [sda] Attached SCSI disk
[    1.075976] ACPI: bus type USB registered
[    1.076856] usbcore: registered new interface driver usbfs
[    1.078002] usbcore: registered new interface driver hub
[    1.079120] usbcore: registered new device driver usb
[    1.082007] usbcore: registered new interface driver usb-storage
[    1.100598] ACPI: bus type drm_connector registered
[    1.110459] Loading boot drivers: ok.
ok.
[    1.112443] Mounting boot media...
 * Mounting boot media: [    1.125896] sr 1:0:0:0: [sr0] scsi3-mmc drive: 4x/4x cd/rw xa/form2 tray
[    1.127316] cdrom: Uniform CD-ROM driver Revision: 3.20
[    1.332856] block sr0: the capability attribute has been deprecated.
[    1.845750] Mounting boot media: ok.
ok.
[    1.879741] Installing packages to root filesystem...
 * Installing packages to root filesystem: (1/26) Installing alpine-baselayout-data (3.4.3-r2)
7  0%                                             8[0K(2/26) Installing musl (1.2.4_git20230717-r4)
7  0%                                             8[0K(3/26) Installing busybox (1.36.1-r15)
7  6% ##                                          8[0K7 13% #####                                       8[0K7 13% ######                                      8[0KExecuting busybox-1.36.1-r15.post-install
(4/26) Installing busybox-binsh (1.36.1-r15)
7 14% ######                                      8[0K(5/26) Installing alpine-baselayout (3.4.3-r2)
7 14% ######                                      8[0KExecuting alpine-baselayout-3.4.3-r2.pre-install
7 14% ######                                      8[0K7 15% ######                                      8[0KExecuting alpine-baselayout-3.4.3-r2.post-install
(6/26) Installing ifupdown-ng (0.12.1-r4)
7 17% #######                                     8[0K7 18% ########                                    8[0K(7/26) Installing libcap2 (2.69-r1)
7 18% ########                                    8[0K7 19% ########                                    8[0K(8/26) Installing openrc (0.52.1-r2)
7 19% ########                                    8[0K7 20% ########                                    8[0K7 20% #########                                   8[0K7 21% #########                                   8[0K7 22% #########                                   8[0K7 22% ##########                                  8[0K7 23% ##########                                  8[0K7 24% ##########                                  8[0K7 25% ###########                                 8[0K7 26% ###########                                 8[0K7 27% ###########                                 8[0K7 27% ############                                8[0K7 28% ############                                8[0K7 29% ############                                8[0K7 29% #############                               8[0K7 30% #############                               8[0K7 31% #############                               8[0K7 31% ##############                              8[0K7 32% ##############                              8[0K7 33% ##############                              8[0KExecuting openrc-0.52.1-r2.post-install
(9/26) Installing alpine-conf (3.17.2-r0)
7 35% ###############                             8[0K7 36% ###############                             8[0K7 36% ################                            8[0K(10/26) Installing alpine-keys (2.4-r1)
7 37% ################                            8[0K7 38% ################                            8[0K(11/26) Installing alpine-release (3.19.1-r0)
7 38% #################                           8[0K(12/26) Installing ca-certificates-bundle (20230506-r0)
7 38% #################                           8[0K(13/26) Installing libcrypto3 (3.1.4-r5)
7 41% ##################                          8[0K7 59% ##########################                  8[0K7 78% ##################################          8[0K7 79% ##################################          8[0K7 79% ###################################         8[0K(14/26) Installing libssl3 (3.1.4-r5)
7 81% ###################################         8[0K(15/26) Installing ssl_client (1.36.1-r15)
7 86% #####################################       8[0K(16/26) Installing zlib (1.3.1-r0)
7 86% #####################################       8[0K(17/26) Installing apk-tools (2.14.0-r5)
7 87% ######################################      8[0K7 88% #######################################     8[0K(18/26) Installing mdev-conf (4.6-r0)
7 90% #######################################     8[0K(19/26) Installing busybox-mdev-openrc (1.36.1-r15)
7 90% #######################################     8[0K(20/26) Installing busybox-openrc (1.36.1-r15)
7 90% #######################################     8[0K7 90% ########################################    8[0K7 91% ########################################    8[0K(21/26) Installing busybox-suid (1.36.1-r15)
7 91% ########################################    8[0K(22/26) Installing scanelf (1.3.7-r2)
7 91% ########################################    8[0K(23/26) Installing musl-utils (1.2.4_git20230717-r4)
7 92% ########################################    8[0K7 93% #########################################   8[0K(24/26) Installing libc-utils (0.7.2-r5)
7 93% #########################################   8[0K(25/26) Installing alpine-base (3.19.1-r0)
7 93% #########################################   8[0K(26/26) Installing openssl (3.1.4-r5)
7 93% #########################################   8[0K7100% ############################################8[0KExecuting busybox-1.36.1-r15.trigger
OK: 10 MiB in 26 packages
[    2.060354] Installing packages to root filesystem: ok.
ok.


   OpenRC 0.52.1 is starting up Linux 6.6.14-0-virt (x86_64)

 * /proc is already mounted
 * Mounting /run ... [ ok ]
 * /run/openrc: creating directory
 * /run/lock: creating directory
 * /run/lock: correcting owner
 * Caching service dependencies ... [ ok ]
 * Remounting devtmpfs on /dev ... [ ok ]
 * Mounting /dev/mqueue ... [ ok ]
 * Mounting modloop  ... * Verifying modloop
 [ ok ]
 * Mounting security filesystem ... [ ok ]
 * Mounting debug filesystem ... [ ok ]
 * Mounting persistent storage (pstore) filesystem ... [ ok ]
 * Starting busybox mdev ... [ ok ]
 * Scanning hardware for mdev ... [ ok ]
 * Loading hardware drivers ... [ ok ]
 * Loading modules ... [ ok ]
 * Setting system clock using the hardware clock [UTC] ... [ ok ]
 * Checking local filesystems  ... [ ok ]
 * Remounting filesystems ... [ ok ]
 * Mounting local filesystems ... [ ok ]
 * Configuring kernel parameters ... [ ok ]
 * Migrating /var/lock to /run/lock ... [ ok ]
 * Creating user login records ... [ ok ]
 * Cleaning /tmp directory ... [ ok ]
 * Setting hostname ... [ ok ]
 * Starting busybox syslog ... [ ok ]
 * Starting firstboot ... [ ok ]

Welcome to Alpine Linux 3.19
Kernel 6.6.14-0-virt on an x86_64 (/dev/ttyS0)

localhost login: 