NOTICE:  BL1: v2.7(release):v2.7.0
NOTICE:  BL1: Built : 09:27:04, Nov 17 2022
INFO:    BL1: RAM 0x0ffe1000 - 0x0ffea000
INFO:    BL1: Loading BL2
NOTICE:  BL1: Booting BL2
NOTICE:  BL2: v2.7(release):v2.7.0
NOTICE:  BL2: Built : 09:27:04, Nov 17 2022
INFO:    BL2: Verifying image id=3
INFO:    BL2: Image id=3 loaded: 0x0fee1000 - 0x0fee3000
NOTICE:  BL2: Booting BL31
NOTICE:  BL31: v2.7(release):v2.7.0
NOTICE:  BL31: Built : 09:27:04, Nov 17 2022
INFO:    BL31: Preparing for EL3 exit to normal world
INFO:    Entry point address = 0x40200000
[    0.000000] Booting Linux on physical CPU 0x0000000000 [0x410fd083]
[    0.000000] Linux version 6.6.14-0-virt (buildozer@build-3-19-aarch64) (gcc (Alpine 13.2.1_git20231014) 13.2.1 20231014, GNU ld (GNU Binutils) 2.41) #1-Alpine SMP Fri, 26 Jan 2024 11:08:07 +0000
[    0.000000] random: crng init done
[    0.000000] Machine model: linux,dummy-virt
[    0.000000] efi: UEFI not found.
[    0.000000] NUMA: No NUMA configuration found
[    0.000000] NUMA: Faking a node at [mem 0x0000000040000000-0x000000005fffffff]
[    0.000000] NUMA: NODE_DATA [mem 0x5fcebf80-0x5fcedfff]
[    0.000000] Zone ranges:
[    0.000000]   DMA      [mem 0x0000000040000000-0x000000005fffffff]
[    0.000000]   DMA32    empty
[    0.000000]   Normal   empty
[    0.000000] Movable zone start for each node
[    0.000000] Early memory node ranges
[    0.000000]   node   0: [mem 0x0000000040000000-0x000000005fffffff]
[    0.000000] Initmem setup node 0 [mem 0x0000000040000000-0x000000005fffffff]
[    0.000000] psci: probing for conduit method from DT.
[    0.000000] psci: PSCIv1.1 detected in firmware.
[    0.000000] psci: Using standard PSCI v0.2 function IDs
[    0.000000] psci: Trusted OS migration not required
[    0.000000] psci: SMC Calling Convention v1.0
[    0.000000] percpu: Embedded 31 pages/cpu s89128 r8192 d29656 u126976
[    0.000000] Detected PIPT I-cache on CPU0
[    0.000000] CPU features: detected: Spectre-v2
[    0.000000] CPU features: detected: Spectre-v4
[    0.000000] CPU features: detected: Spectre-BHB
[    0.000000] CPU features: detected: ARM erratum 1742098
[    0.000000] CPU features: detected: ARM errata 1165522, 1319367, or 1530923
[    0.000000] alternatives: applying boot alternatives
[    0.000000] Kernel command line: console=ttyAMA0 loglevel=7 init=/bin/sh
[    0.000000] Dentry cache hash table entries: 65536 (order: 7, 524288 bytes, linear)
[    0.000000] Inode-cache hash table entries: 32768 (order: 6, 262144 bytes, linear)
[    0.000000] Fallback order for Node 0: 0 
[    0.000000] Built 1 zonelists, mobility grouping on.  Total pages: 129024
[    0.000000] Policy zone: DMA
[    0.000000] mem auto-init: stack:all(zero), heap alloc:on, heap free:off
[    0.000000] software IO TLB: area num 1.
[    0.000000] software IO TLB: mapped [mem 0x000000005b377000-0x000000005f377000] (64MB)
[    0.000000] Memory: 403920K/524288K available (10688K kernel code, 1772K rwdata, 6736K rodata, 3264K init, 9269K bss, 120368K reserved, 0K cma-reserved)
[    0.000000] SLUB: HWalign=64, Order=0-3, MinObjects=0, CPUs=1, Nodes=1
[    0.000000] trace event string verifier disabled
[    0.000000] rcu: Hierarchical RCU implementation.
[    0.000000] rcu: 	RCU restricting CPUs from NR_CPUS=4096 to nr_cpu_ids=1.
[    0.000000] 	Tracing variant of Tasks RCU enabled.
[    0.000000] rcu: RCU calculated value of scheduler-enlistment delay is 10 jiffies.
[    0.000000] rcu: Adjusting geometry for rcu_fanout_leaf=16, nr_cpu_ids=1
[    0.000000] NR_IRQS: 64, nr_irqs: 64, preallocated irqs: 0
[    0.000000] Root IRQ handler: gic_handle_irq
[    0.000000] GICv2m: range[mem 0x08020000-0x08020fff], SPI[80:143]
[    0.000000] rcu: srcu_init: Setting srcu_struct sizes based on contention.
[    0.000000] arch_timer: cp15 timer(s) running at 62.50MHz (virt).
[    0.000000] clocksource: arch_sys_counter: mask: 0x1ffffffffffffff max_cycles: 0x1cd42e208c, max_idle_ns: 881590405314 ns
[    0.000101] sched_clock: 57 bits at 63MHz, resolution 16ns, wraps every 4398046511096ns
[    0.002682] kfence: initialized - using 2097152 bytes for 255 objects at 0x(____ptrval____)-0x(____ptrval____)
[    0.006774] Console: colour dummy device 80x25
[    0.012302] Calibrating delay loop (skipped), value calculated using timer frequency.. 125.00 BogoMIPS (lpj=625000)
[    0.012453] pid_max: default: 32768 minimum: 301
[    0.014759] LSM: initializing lsm=capability,landlock,integrity
[    0.015640] landlock: Up and running.
[    0.017190] Mount-cache hash table entries: 1024 (order: 1, 8192 bytes, linear)
[    0.017229] Mountpoint-cache hash table entries: 1024 (order: 1, 8192 bytes, linear)
[    0.047173] cacheinfo: Unable to detect cache hierarchy for CPU 0
[    0.056654] RCU Tasks Trace: Setting shift to 0 and lim to 1 rcu_task_cb_adjust=1.
[    0.058627] rcu: Hierarchical SRCU implementation.
[    0.058691] rcu: 	Max phase no-delay instances is 1000.
[    0.064024] EFI services will not be available.
[    0.066184] smp: Bringing up secondary CPUs ...
[    0.066984] smp: Brought up 1 node, 1 CPU
[    0.067017] SMP: Total of 1 processors activated.
[    0.067079] CPU features: detected: 32-bit EL0 Support
[    0.067092] CPU features: detected: 32-bit EL1 Support
[    0.067152] CPU features: detected: CRC32 instructions
[    0.069297] CPU: All CPU(s) started at EL1
[    0.069541] alternatives: applying system-wide alternatives
[    0.086492] devtmpfs: initialized
[    0.097625] clocksource: jiffies: mask: 0xffffffff max_cycles: 0xffffffff, max_idle_ns: 19112604462750000 ns
[    0.097835] futex hash table entries: 256 (order: 2, 16384 bytes, linear)
[    0.100482] pinctrl core: initialized pinctrl subsystem
[    0.104313] DMI not present or invalid.
[    0.111702] NET: Registered PF_NETLINK/PF_ROUTE protocol family
[    0.115991] DMA: preallocated 128 KiB GFP_KERNEL pool for atomic allocations
[    0.116320] DMA: preallocated 128 KiB GFP_KERNEL|GFP_DMA pool for atomic allocations
[    0.116517] DMA: preallocated 128 KiB GFP_KERNEL|GFP_DMA32 pool for atomic allocations
[    0.116814] audit: initializing netlink subsys (disabled)
[    0.121273] thermal_sys: Registered thermal governor 'step_wise'
[    0.122103] audit: type=2000 audit(0.110:1): state=initialized audit_enabled=0 res=1
[    0.122724] cpuidle: using governor ladder
[    0.122980] cpuidle: using governor menu
[    0.124234] hw-breakpoint: found 6 breakpoint and 4 watchpoint registers.
[    0.124693] ASID allocator initialised with 65536 entries
[    0.125996] Serial: AMBA PL011 UART driver
[    0.151804] 9000000.pl011: ttyAMA0 at MMIO 0x9000000 (irq = 13, base_baud = 0) is a PL011 rev1
[    0.153006] printk: console [ttyAMA0] enabled
[    0.177780] Modules: 24768 pages in range for non-PLT usage
[    0.177821] Modules: 516288 pages in range for PLT usage
[    0.205992] HugeTLB: registered 1.00 GiB page size, pre-allocated 0 pages
[    0.206369] HugeTLB: 0 KiB vmemmap can be freed for a 1.00 GiB page
[    0.206619] HugeTLB: registered 32.0 MiB page size, pre-allocated 0 pages
[    0.206822] HugeTLB: 0 KiB vmemmap can be freed for a 32.0 MiB page
[    0.207005] HugeTLB: registered 2.00 MiB page size, pre-allocated 0 pages
[    0.207199] HugeTLB: 0 KiB vmemmap can be freed for a 2.00 MiB page
[    0.207379] HugeTLB: registered 64.0 KiB page size, pre-allocated 0 pages
[    0.207586] HugeTLB: 0 KiB vmemmap can be freed for a 64.0 KiB page
[    0.216702] ACPI: Interpreter disabled.
[    0.217189] iommu: Default domain type: Translated
[    0.217381] iommu: DMA domain TLB invalidation policy: lazy mode
[    0.231936] clocksource: Switched to clocksource arch_sys_counter
[    0.235908] VFS: Disk quotas dquot_6.6.0
[    0.236195] VFS: Dquot-cache hash table entries: 512 (order 0, 4096 bytes)
[    0.238246] pnp: PnP ACPI: disabled
[    0.266914] NET: Registered PF_INET protocol family
[    0.268615] IP idents hash table entries: 8192 (order: 4, 65536 bytes, linear)
[    0.274797] tcp_listen_portaddr_hash hash table entries: 256 (order: 0, 4096 bytes, linear)
[    0.275271] Table-perturb hash table entries: 65536 (order: 6, 262144 bytes, linear)
[    0.275608] TCP established hash table entries: 4096 (order: 3, 32768 bytes, linear)
[    0.276079] TCP bind hash table entries: 4096 (order: 5, 131072 bytes, linear)
[    0.276522] TCP: Hash tables configured (established 4096 bind 4096)
[    0.277795] UDP hash table entries: 256 (order: 1, 8192 bytes, linear)
[    0.278353] UDP-Lite hash table entries: 256 (order: 1, 8192 bytes, linear)
[    0.280152] NET: Registered PF_UNIX/PF_LOCAL protocol family
[    0.280868] NET: Registered PF_XDP protocol family
[    0.281401] PCI: CLS 0 bytes, default 64
[    0.287319] Unpacking initramfs...
[    0.312391] kvm [1]: HYP mode not available
[    0.315537] Initialise system trusted keyrings
[    0.322611] workingset: timestamp_bits=44 max_order=17 bucket_order=0
[    0.323048] zbud: loaded
[    0.374336] Key type asymmetric registered
[    0.374608] Asymmetric key parser 'x509' registered
[    0.375116] Block layer SCSI generic (bsg) driver version 0.4 loaded (major 249)
[    0.402196] io scheduler mq-deadline registered
[    0.402447] io scheduler kyber registered
[    0.402833] io scheduler bfq registered
[    0.406410] pci-host-generic 4010000000.pcie: host bridge /pcie@10000000 ranges:
[    0.407441] pci-host-generic 4010000000.pcie:       IO 0x003eff0000..0x003effffff -> 0x0000000000
[    0.408139] pci-host-generic 4010000000.pcie:      MEM 0x0010000000..0x003efeffff -> 0x0010000000
[    0.408442] pci-host-generic 4010000000.pcie:      MEM 0x8000000000..0xffffffffff -> 0x8000000000
[    0.409183] pci-host-generic 4010000000.pcie: Memory resource size exceeds max for 32 bits
[    0.409858] pci-host-generic 4010000000.pcie: ECAM at [mem 0x4010000000-0x401fffffff] for [bus 00-ff]
[    0.411171] pci-host-generic 4010000000.pcie: PCI host bridge to bus 0000:00
[    0.411627] pci_bus 0000:00: root bus resource [bus 00-ff]
[    0.412081] pci_bus 0000:00: root bus resource [io  0x0000-0xffff]
[    0.412313] pci_bus 0000:00: root bus resource [mem 0x10000000-0x3efeffff]
[    0.412542] pci_bus 0000:00: root bus resource [mem 0x8000000000-0xffffffffff]
[    0.414308] pci 0000:00:00.0: [1b36:0008] type 00 class 0x060000
[    0.418148] pci 0000:00:01.0: [1af4:1000] type 00 class 0x020000
[    0.418588] pci 0000:00:01.0: reg 0x10: [io  0x0000-0x001f]
[    0.418820] pci 0000:00:01.0: reg 0x14: [mem 0x00000000-0x00000fff]
[    0.419059] pci 0000:00:01.0: reg 0x20: [mem 0x00000000-0x00003fff 64bit pref]
[    0.419344] pci 0000:00:01.0: reg 0x30: [mem 0x00000000-0x0007ffff pref]
[    0.421677] pci 0000:00:01.0: BAR 6: assigned [mem 0x10000000-0x1007ffff pref]
[    0.422245] pci 0000:00:01.0: BAR 4: assigned [mem 0x8000000000-0x8000003fff 64bit pref]
[    0.422640] pci 0000:00:01.0: BAR 1: assigned [mem 0x10080000-0x10080fff]
[    0.422872] pci 0000:00:01.0: BAR 0: assigned [io  0x1000-0x101f]
[    0.426909] virtio-pci 0000:00:01.0: enabling device (0000 -> 0003)
[    0.442239] Serial: 8250/16550 driver, 4 ports, IRQ sharing enabled
[    0.472976] rtc-pl031 9010000.pl031: registered as rtc0
[    0.473779] rtc-pl031 9010000.pl031: setting system clock to 2026-03-11T11:50:27 UTC (1773229827)
[    0.613721] registered taskstats version 1
[    0.615964] Loading compiled-in X.509 certificates
[    0.864386] Freeing initrd memory: 8504K
[    1.087613] Loaded X.509 cert 'alpinelinux.org: Alpine Linux kernel key: 87fa969a47f3e2a6aa35859eb932a17c95abcd82'
[    1.098222] Key type .fscrypt registered
[    1.098395] Key type fscrypt-provisioning registered
[    1.107703] clk: Disabling unused clocks
[    1.112558] uart-pl011 9000000.pl011: no DMA platform data
[    1.145590] Freeing unused kernel memory: 3264K
[    1.162416] Run /init as init process
[    1.347625] Alpine Init 3.9.1-r0
Alpine Init 3.9.1-r0
[    1.353291] Loading boot drivers...
 * Loading boot drivers: [    1.437325] loop: module loaded
[    1.446733] squashfs: version 4.0 (2009/01/31) Phillip Lougher
[    1.555881] Loading boot drivers: ok.
ok.
[    1.584014] Mounting boot media...
 * Mounting boot media: [   10.178937] Mounting boot media: failed. 
failed. 
initramfs emergency recovery shell launched. Type 'exit' to continue boot
sh: can't access tty; job control turned off
~ # [6n