[    0.000000] Booting Linux on physical CPU 0x0000000000 [0x410fd034]
[    0.000000] Linux version 6.12.0 (builder@buildhost) (aarch64-linux-gnu-gcc 13.2.0)
[    0.000000] Machine model: Generic ARM64 Embedded Board
[    0.000000] earlycon: uart0 at MMIO 0x0000000009000000 (options '')
[    0.000000] printk: bootconsole [earlycon0] enabled
[    0.000000] cma: Reserved 32 MiB at 0x00000000be000000
[    0.000000] Zone ranges:
[    0.000000]   DMA      [mem 0x0000000040000000-0x00000000ffffffff]
[    0.000000]   Normal   empty
[    0.000000] Movable zone start for each node
[    0.000000] Early memory node ranges
[    0.000000]   node   0: [mem 0x0000000040000000-0x00000000bfffffff]
[    0.000000] Initmem setup node 0 [mem 0x0000000040000000-0x00000000bfffffff]
[    0.000000] psci: probing for conduit method from DT.
[    0.000000] psci: PSCIv1.1 detected in firmware.
[    0.000000] psci: Using standard PSCI v0.2 function IDs
[    0.000000] psci: MIGRATE_INFO_TYPE not supported.
[    0.000000] percpu: Embedded 24 pages/cpu s58520 r8192 d31616 u98304
[    0.000000] Detected VIPT I-cache on CPU0
[    0.000000] CPU features: detected: ARMv8.2-A
[    0.000000] CPU features: detected: CRC32 instructions
[    0.000000] Built 1 zonelists, mobility grouping on.  Total pages: 516096
[    0.000000] Policy zone: DMA
[    0.000000] Kernel command line: root=/dev/mmcblk0p2 rw console=ttyAMA0 loglevel=7
[    0.000000] Dentry cache hash table entries: 262144 (order: 9, 2097152 bytes, linear)
[    0.000000] Inode-cache hash table entries: 131072 (order: 8, 1048576 bytes, linear)
[    0.000000] mem auto-init: stack:off, heap alloc:off, heap free:off
[    0.000000] Memory: 1867456K/2097152K available (14336K kernel code, 2048K reserved, 6144K data, 4096K rodata, 2048K init, 1024K bss, 229696K cma-reserved)
[    0.000000] SLUB: HWalign=64, Order=0-3, MinObjects=0, CPUs=4, Nodes=1
[    0.000000] rcu: Hierarchical RCU implementation.
[    0.000000] rcu: 	RCU event tracing is enabled.
[    0.000000] rcu: 	RCU restricting CPUs from NR_CPUS=64 to nr_cpu_ids=4.
[    0.000000] rcu: RCU calculated value of scheduler-enlistment delay is 25 jiffies.
[    0.000000] rcu: Adjusting geometry for rcu_fanout_leaf=16, nr_cpu_ids=4
[    0.000000] NR_IRQS: 64, nr_irqs: 64, preallocated irqs: 0
[    0.000000] GICv2: 128 SPIs implemented
[    0.000000] GICv2: 0 cells of CPUIF 0xf9020000, GICC 0xf9020000
[    0.000000] arch_timer: cp15 timer(s) running at 62.50MHz (phys).
[    0.000000] clocksource: arch_sys_counter: mask: 0xffffffffffffff max_cycles: 0xe602ac370, max_idle_ns: 440795202120 ns
[    0.000005] sched_clock: 56 bits at 62MHz, resolution 16ns, wraps every 4398046511104ns
[    0.005123] Console: colour dummy device 80x25
[    0.007654] Calibrating delay loop (skipped), value preserved from frequency scan, 125.00 BogoMIPS (lpj=625000)
[    0.007980] pid_max: default: 32768 minimum: 301
[    0.008455] Mount-cache hash table entries: 4096 (order: 3, 32768 bytes, linear)
[    0.008912] Mountpoint-cache hash table entries: 4096 (order: 3, 32768 bytes, linear)
[    0.010455] ASID allocator initialised with 65536 entries
[    0.012345] rcu: Hierarchical SRCU implementation.
[    0.014567] smp: Bringing up secondary CPUs ...
[    0.016789] psci: CPU1 killed (OCP).
[    0.018901] CPU1: Booted secondary processor 0x0000000001 [0x410fd034]
[    0.021023] psci: CPU2 killed (OCP).
[    0.023145] CPU2: Booted secondary processor 0x0000000002 [0x410fd034]
[    0.025267] psci: CPU3 killed (OCP).
[    0.027389] CPU3: Booted secondary processor 0x0000000003 [0x410fd034]
[    0.029511] smp: Brought up 1 node, 4 CPUs
[    0.031633] SMP: Total of 4 processors activated.
[    0.033755] devtmpfs: initialized
[    0.035877] clocksource: jiffies: mask: 0xffffffff max_cycles: 0xffffffff, max_idle_ns: 19112604462750000 ns
[    0.037999] futex hash table entries: 1024 (order: 4, 65536 bytes, linear)
[    0.040121] pinctrl core: initialized pinctrl subsystem
[    0.042243] NET: Registered PF_NETLINK/PF_ROUTE protocol family
[    0.044365] DMA: preallocated 256 KiB pool for atomic allocations
[    0.046487] audit: initializing netlink subsys (disabled)
[    0.048609] audit: type=2000 audit(0.044:1): state=initialized res=1
[    0.050731] cpuidle: using governor ladder
[    0.052853] cpuidle: using governor menu
[    0.054975] hw-breakpoint: found 6 breakpoint and 4 watchpoint registers.
[    0.057097] ASID allocator initialised with 65536 entries
[    0.059219] HugeTLB: registered 2.00 MiB page size, pre-allocated 0 pages
[    0.061341] ACPI: Interpreter disabled.
[    0.063463] vgaarb: loaded
[    0.065585] SCSI subsystem initialized
[    0.067707] usbcore: registered new interface driver usbfs
[    0.069829] usbcore: registered new interface driver hub
[    0.071951] usbcore: registered new device driver usb
[    0.074073] pps_core: LinuxPPS API ver. 1 registered
[    0.074075] pps_core: Software ver. 5.3.6 - Copyright 2005-2007 Rodolfo Giometti <giometti@linux.it>
[    0.076197] PTP clock support registered
[    0.078319] EDAC MC: Ver: 3.0.0
[    0.080441] FPGA manager framework
[    0.082563] Advanced Linux Sound Architecture Driver Initialized.
[    0.084685] clocksource: Switched to clocksource arch_sys_counter
[    0.123456] VFS: Disk quotas dquot_6.6.0
[    0.125678] VFS: Dquot-cache hash table entries: 512 (order 0, 4096 bytes)
[    0.127890] pci_hotplug: PCI Hot Plug PCI Core version: 0.5
[    0.130112] thermal_sys: Registered thermal governor 'step_wise'
[    0.132334] thermal_sys: Registered thermal governor 'user_space'
[    0.134556] cpuidle: using governor ladder
[    0.136778] usbcore: registered new interface driver usb-storage
[    0.138900] i2c_core: driver [ds1307] registered
[    0.141122] i2c_core: driver [at24] registered
[    0.143344] regulator-dummy: reg_dummy: mmc0_vcc: mclk: i2c: 1800 mV
[    0.145566] rtc-ds1307 0-0068: registered as rtc0
[    0.147788] rtc-ds1307 0-0068: setting system clock to 2024-03-02T10:00:00 UTC (1709373600)
[    0.150010] EXT4-fs (mmcblk0p2): mounting ext4 file system using the 8-bit junk mode
[    0.170232] EXT4-fs (mmcblk0p2): mounted filesystem with ordered data mode. Quota mode: none.
[    0.172454] VFS: Mounted root (ext4 filesystem) on device 179:2.
[    0.174676] devtmpfs: mounted
[    0.176898] Freeing unused kernel image (initmem) memory: 2048K
[    0.179120] Run /sbin/init as init process
[    0.201234] systemd[1]: systemd 255.4-1ubuntu2 running in system mode (+PAM +AUDIT +SELINUX +APPARMOR +IMA +SMACK +SECCOMP +GUMMIBOOT +TPM2 +ELFUTILS +XKBCOMMON +UTMP +SYSVINIT +LIBCRYPTSETUP +GCRYPT +GNUTLS +ACL +XZ +LZ4 +ZSTD +IDN2 +IDN -CHRPATH +OOPS +MEMFD_CREATE +USERFAULTFD +RV +BPF_FRAMEWORK +KMOD +USTACK +DEBUG +STACK_TRACE +BTF +ZLIB +BZIP2 +PCRE2 -LIBCAP_NG +BLKID +MOUNT +SWAPON +WERROR)
[    0.203456] systemd[1]: Detected architecture arm64.
[    0.205678] systemd[1]: Hostname set to <generic-arm64>.
[    0.207890] systemd[1]: Initializing machine ID from random data.
[    0.210112] systemd[1]: Queued start job for default target Graphical Interface.
[    0.212334] systemd[1]: Created slice Control Group Slice.
[    0.214556] systemd[1]: Created slice User and Session Slice.
[    0.216778] systemd[1]: Created slice System Slice.
[    0.218900] systemd[1]: Starting Create list of static device nodes for the current kernel...
[    0.221122] systemd[1]: Finished Create list of static device nodes for the current kernel.
[    0.223344] systemd[1]: Starting Load Kernel Modules...
[    0.225566] systemd[1]: Finished Load Kernel Modules.
[    0.227788] systemd[1]: Starting Mount entries in /etc/fstab...
[    0.230010] systemd[1]: Finished Mount entries in /etc/fstab.
[    0.232232] systemd[1]: Starting Remount Root and Kernel File Systems...
[    0.234454] systemd[1]: Finished Remount Root and Kernel File Systems.
[    0.236676] systemd[1]: Starting Update UTMP about System Boot/Shutdown...
[    0.238898] systemd[1]: Finished Update UTMP about System Boot/Shutdown.
[    0.241120] systemd[1]: Starting Create System Users...
[    0.243342] systemd[1]: Finished Create System Users.
[    0.245564] systemd[1]: Starting Create Static Device Nodes in /dev...
[    0.247786] systemd[1]: Finished Create Static Device Nodes in /dev.
[    0.250008] systemd[1]: Starting Coldplug All udev Devices...
[    0.252230] systemd[1]: Finished Coldplug All udev Devices.
[    0.254452] systemd[1]: Starting Network Time Synchronization...
[    0.256674] systemd[1]: Finished Network Time Synchronization.
[    0.258896] systemd[1]: Starting Update UTMP about System Runlevel Changes...
[    0.261118] systemd[1]: Finished Update UTMP about System Runlevel Changes.
[    0.263340] systemd[1]: Reached target System Initialization.
[    0.265562] systemd[1]: Starting Daily Cleanup of Temporary Directories...
[    0.267784] systemd[1]: Finished Daily Cleanup of Temporary Directories.
[    0.270006] systemd[1]: Reached target Basic System.
[    0.272228] systemd[1]: Starting D-Bus System Message Bus...
[    0.274450] systemd[1]: Started D-Bus System Message Bus.
[    0.276672] systemd[1]: Starting Network Service...
[    0.278894] systemd[1]: Started Network Service.
[    0.281116] systemd[1]: Starting Login Service...
[    0.283338] systemd[1]: Started Login Service.
[    0.285560] systemd[1]: Starting User Login Management...
[    0.287782] systemd[1]: Started User Login Management.
[    0.290004] systemd[1]: Starting Thermal Daemon Service...
[    0.292226] systemd[1]: Started Thermal Daemon Service.
[    0.294448] systemd[1]: Starting WPA Supplicant...
[    0.296670] systemd[1]: Started WPA Supplicant.
[    0.300123] wlan0: firmware version 1.2.3 loaded
[    0.350456] Bluetooth: hci0: unexpected event for opcode 0x0000
[    0.400789] cfg80211: regulatory domain changed to country: US
[    0.450122] input: Power Button as /devices/LNXSYSTM:00/LNXSYBUS:00/PNP0C0C:00/input/input0
[    0.500455] input: Sleep Button as /devices/LNXSYSTM:00/LNXSYBUS:00/PNP0C0E:00/input/input1
[    0.550788] input: Generic ARM64 Embedded Board Keyboard as /devices/platform/keyboard/input/input2
[    0.600121] input: Generic ARM64 Embedded Board Mouse as /devices/platform/mouse/input/input3
[    0.650454] i2c i2c-0: adapter [i2c-gpio] registered
[    0.700787] i2c i2c-1: adapter [i2c-designware] registered
[    0.750120] i2c i2c-2: adapter [i2c-designware] registered
[    0.800453] i2c i2c-3: adapter [i2c-designware] registered
[    0.850786] mmc0: mmc_tuning attempt 1 successful
[    0.900119] mmcblk0: mmc0:0001 Generic SD 32GiB
[    0.950452]  mmcblk0: p1 p2
[    1.000785] drm: atomic commit tail success
[    1.050118] EXT4-fs (mmcblk0p2): re-mounted. Opts: (null)
[    1.100451] systemd[1]: Started Service #1.
[    1.150784] systemd[1]: Started Service #2.
[    1.200117] systemd[1]: Started Service #3.
[    1.250450] systemd[1]: Started Service #4.
[    1.300783] systemd[1]: Started Service #5.
[    1.350116] audit: type=1400 audit(1.345:2): apparmor="STATUS" operation="profile_load" profile="unconfined" name="/usr/bin/man" pid=456 comm="apparmor_parser"
[    1.400449] alg: self-tests for sha256 passed
[    1.450782] alg: self-tests for aes-gcm passed
[    1.500115] thermal thermal_zone0: temperature 37C
[    1.550448] thermal thermal_zone1: temperature 42C
[    1.600781] thermal thermal_zone2: temperature 35C
[    1.650114] pci 0000:01:00.0: enabling device (0000 -> 0002)
[    1.700447] pci 0000:01:00.1: enabling device (0000 -> 0002)
[    1.750780] cgroup: cgroup2: unknown option "nsdelegate"
[    1.800113] overlayfs: upper fs does not support tmpfile.
[    1.850446] IPv6: ADDRCONF(NETDEV_UP): wlan0: link is not ready
[    1.900779] wlan0: authenticated
[    1.910234] wlan0: associate with 00:11:22:33:44:55 (ESSID="Factory-WiFi")
[    1.920567] wlan0: RX AssocResp from 00:11:22:33:44:55 (capab=0x11 status=0 aid=1)
[    1.930900] wlan0: associated
[    1.940233] IPv6: ADDRCONF(NETDEV_CHANGE): wlan0: link becomes ready
[    2.000566] systemd[1]: Reached target Multi-User System.
[    2.010899] systemd[1]: Startup finished in 2.104s.
